scripts/check-mysql-password.ts(22,39): error TS18046: 'error' is of type 'unknown'.
